com/citynote/controller/UserController.class
com/citynote/repository/BlobRepository.class
com/citynote/service/impl/DummyEventServiceImpl.class
com/citynote/controller/AuthController.class
com/citynote/entity/User.class
com/citynote/entity/EventEntity.class
sql-history/0_create_users.sql
com/citynote/controller/AuthResponse.class
com/citynote/service/impl/RdbEventServImpl.class
sql-history/2_c_counties.sql
sql-history/5_insert_counties.sql
com/citynote/security/JwtTokenUtil.class
com/citynote/service/UserService.class
application.properties
com/citynote/controller/LoginRequest.class
com/citynote/dto/UserDTO.class
com/citynote/repository/CountyRepository.class
sql-history/6_i_users.sql
com/citynote/repository/EventRepository.class
com/citynote/entity/BlobEntity.class
com/citynote/repository/UserProfileRepository.class
sql-history/4_c_blobs.sql
com/citynote/service/CustomUserDetailsService.class
com/citynote/controller/RegisterRequest.class
com/citynote/security/JwtRequestFilter.class
com/citynote/entity/CountyEntity.class
com/citynote/dto/EventRequestDTO.class
com/citynote/config/CorsConfig.class
com/citynote/entity/EventLikeEntity.class
sql-history/3_c_events.sql
com/citynote/repository/UserRepository.class
com/citynote/repository/EventLikeRepository.class
com/citynote/dto/EventResponseDTO.class
com/citynote/entity/enums/EventType.class
com/citynote/service/EventService.class
com/citynote/CityNoteApplication.class
com/citynote/service/impl/UserServiceImpl.class
com/citynote/entity/UserProfile.class
sql-history/1_c_user_profiles.sql
com/citynote/controller/EventController.class
com/citynote/config/SecurityConfig.class
