com/citynote/controller/UserController.class
com/citynote/repository/BlobRepository.class
com/citynote/entity/User.class
com/citynote/entity/EventEntity.class
com/citynote/security/JwtTokenUtil.class
com/citynote/service/UserService.class
com/citynote/dto/UserDTO.class
com/citynote/repository/CountyRepository.class
com/citynote/repository/EventRepository.class
com/citynote/entity/BlobEntity.class
com/citynote/repository/UserProfileRepository.class
com/citynote/security/JwtRequestFilter.class
com/citynote/entity/CountyEntity.class
com/citynote/dto/EventRequestDTO.class
com/citynote/config/CorsConfig.class
com/citynote/entity/EventLikeEntity.class
com/citynote/repository/UserRepository.class
com/citynote/repository/EventLikeRepository.class
com/citynote/dto/EventResponseDTO.class
com/citynote/entity/enums/EventType.class
com/citynote/service/EventService.class
com/citynote/CityNoteApplication.class
com/citynote/service/impl/UserServiceImpl.class
com/citynote/entity/UserProfile.class
com/citynote/controller/EventController.class
com/citynote/config/SecurityConfig.class
