/Users/chrischenlixing/Desktop/Desktop - ChrisMacBookAir/NEU/CS5500/city_note/city-note-gmap-AI/backend/src/main/java/com/citynote/repository/BlobRepository.java
/Users/chrischenlixing/Desktop/Desktop - ChrisMacBookAir/NEU/CS5500/city_note/city-note-gmap-AI/backend/src/main/java/com/citynote/service/EventService.java
/Users/chrischenlixing/Desktop/Desktop - ChrisMacBookAir/NEU/CS5500/city_note/city-note-gmap-AI/backend/src/main/java/com/citynote/config/CorsConfig.java
/Users/chrischenlixing/Desktop/Desktop - ChrisMacBookAir/NEU/CS5500/city_note/city-note-gmap-AI/backend/src/main/java/com/citynote/dto/EventResponseDTO.java
/Users/chrischenlixing/Desktop/Desktop - ChrisMacBookAir/NEU/CS5500/city_note/city-note-gmap-AI/backend/src/main/java/com/citynote/repository/EventLikeRepository.java
/Users/chrischenlixing/Desktop/Desktop - ChrisMacBookAir/NEU/CS5500/city_note/city-note-gmap-AI/backend/src/main/java/com/citynote/security/JwtRequestFilter.java
/Users/chrischenlixing/Desktop/Desktop - ChrisMacBookAir/NEU/CS5500/city_note/city-note-gmap-AI/backend/src/main/java/com/citynote/repository/CountyRepository.java
/Users/chrischenlixing/Desktop/Desktop - ChrisMacBookAir/NEU/CS5500/city_note/city-note-gmap-AI/backend/src/main/java/com/citynote/repository/UserRepository.java
/Users/chrischenlixing/Desktop/Desktop - ChrisMacBookAir/NEU/CS5500/city_note/city-note-gmap-AI/backend/src/main/java/com/citynote/service/UserService.java
/Users/chrischenlixing/Desktop/Desktop - ChrisMacBookAir/NEU/CS5500/city_note/city-note-gmap-AI/backend/src/main/java/com/citynote/entity/EventEntity.java
/Users/chrischenlixing/Desktop/Desktop - ChrisMacBookAir/NEU/CS5500/city_note/city-note-gmap-AI/backend/src/main/java/com/citynote/controller/UserController.java
/Users/chrischenlixing/Desktop/Desktop - ChrisMacBookAir/NEU/CS5500/city_note/city-note-gmap-AI/backend/src/main/java/com/citynote/entity/CountyEntity.java
/Users/chrischenlixing/Desktop/Desktop - ChrisMacBookAir/NEU/CS5500/city_note/city-note-gmap-AI/backend/src/main/java/com/citynote/security/JwtTokenUtil.java
/Users/chrischenlixing/Desktop/Desktop - ChrisMacBookAir/NEU/CS5500/city_note/city-note-gmap-AI/backend/src/main/java/com/citynote/repository/UserProfileRepository.java
/Users/chrischenlixing/Desktop/Desktop - ChrisMacBookAir/NEU/CS5500/city_note/city-note-gmap-AI/backend/src/main/java/com/citynote/service/impl/UserServiceImpl.java
/Users/chrischenlixing/Desktop/Desktop - ChrisMacBookAir/NEU/CS5500/city_note/city-note-gmap-AI/backend/src/main/java/com/citynote/dto/EventRequestDTO.java
/Users/chrischenlixing/Desktop/Desktop - ChrisMacBookAir/NEU/CS5500/city_note/city-note-gmap-AI/backend/src/main/java/com/citynote/controller/EventController.java
/Users/chrischenlixing/Desktop/Desktop - ChrisMacBookAir/NEU/CS5500/city_note/city-note-gmap-AI/backend/src/main/java/com/citynote/repository/EventRepository.java
/Users/chrischenlixing/Desktop/Desktop - ChrisMacBookAir/NEU/CS5500/city_note/city-note-gmap-AI/backend/src/main/java/com/citynote/entity/enums/EventType.java
/Users/chrischenlixing/Desktop/Desktop - ChrisMacBookAir/NEU/CS5500/city_note/city-note-gmap-AI/backend/src/main/java/com/citynote/config/SecurityConfig.java
/Users/chrischenlixing/Desktop/Desktop - ChrisMacBookAir/NEU/CS5500/city_note/city-note-gmap-AI/backend/src/main/java/com/citynote/entity/UserProfile.java
/Users/chrischenlixing/Desktop/Desktop - ChrisMacBookAir/NEU/CS5500/city_note/city-note-gmap-AI/backend/src/main/java/com/citynote/service/impl/RdbEventServImpl.java
/Users/chrischenlixing/Desktop/Desktop - ChrisMacBookAir/NEU/CS5500/city_note/city-note-gmap-AI/backend/src/main/java/com/citynote/CityNoteApplication.java
/Users/chrischenlixing/Desktop/Desktop - ChrisMacBookAir/NEU/CS5500/city_note/city-note-gmap-AI/backend/src/main/java/com/citynote/entity/BlobEntity.java
/Users/chrischenlixing/Desktop/Desktop - ChrisMacBookAir/NEU/CS5500/city_note/city-note-gmap-AI/backend/src/main/java/com/citynote/dto/UserDTO.java
/Users/chrischenlixing/Desktop/Desktop - ChrisMacBookAir/NEU/CS5500/city_note/city-note-gmap-AI/backend/src/main/java/com/citynote/entity/EventLikeEntity.java
/Users/chrischenlixing/Desktop/Desktop - ChrisMacBookAir/NEU/CS5500/city_note/city-note-gmap-AI/backend/src/main/java/com/citynote/service/CustomUserDetailsService.java
/Users/chrischenlixing/Desktop/Desktop - ChrisMacBookAir/NEU/CS5500/city_note/city-note-gmap-AI/backend/src/main/java/com/citynote/controller/AuthController.java
/Users/chrischenlixing/Desktop/Desktop - ChrisMacBookAir/NEU/CS5500/city_note/city-note-gmap-AI/backend/src/main/java/com/citynote/entity/User.java
